                                                   UGHR7IFL                                                   
                                                UGHR7IFL_DICT                                                 

                                        UGHR7IFL.DCF                                                          
                                    Last Modified:  1/27/2020  9:34:13 AM                                     

--------------------------------------------------------------------------------------------------------------
Level Name                    Level Label                                                  Type            Rec
  Record Name                   Record Label                                              Value  Req  Max  Len
--------------------------------------------------------------------------------------------------------------
HOUSEHOLD                     HOUSEHOLD                                                                       
  RECORD1                       RECORD1                                                          Yes    1  2976
Level: HOUSEHOLD                                       Record: RECORD1
--------------------------------------------------------------------------------------------------------------
                                                                                 Data Item            Dec Zero
Item Name              Item Label                                     Start  Len Type Type  Occ  Dec Char Fill
--------------------------------------------------------------------------------------------------------------
HHID              (id) Case Identification                                1   12   AN    I    1    0   No   No
                         (record type)                                    0    0   AN    I    1    0   No   No
HV000                  Country code and phase                            13    3   AN    I    1    0   No   No
HV001                  Cluster number                                    16    6    N    I    1    0   No   No
HV002                  Household number                                  22    6    N    I    1    0   No   No
HV003                  Respondent's line number (answering Household q   28    3    N    I    1    0   No   No
                               0      Incomplete household
                               1:999  
HV004                  Ultimate area unit                                31    4    N    I    1    0   No   No
HV005                  Household sample weight (6 decimals)              35    8    N    I    1    0   No   No
HV006                  Month of interview                                43    2    N    I    1    0   No   No
                               1:12  
HV007                  Year of interview                                 45    4    N    I    1    0   No   No
                               2015:2025  
HV008                  Date of interview (CMC)                           49    4    N    I    1    0   No   No
HV008A                 Date of interview Century Day Code (CDC)          53    5    N    I    1    0   No   No
HV009                  Number of household members                       58    2    N    I    1    0   No   No
                               0:90  
HV010                  Number of eligible women in household             60    2    N    I    1    0   No   No
                               0:20  
HV011                  NA - Number of eligible men in household          62    2    N    I    1    0   No   No
                               0:20  
HV012                  Number of de jure members                         64    2    N    I    1    0   No   No
                               0:90  
HV013                  Number of de facto members                        66    2    N    I    1    0   No   No
                               0:90  
HV014                  Number of children 5 and under (de jure)          68    2    N    I    1    0   No   No
                               0:20  
HV015                  Result of household interview                     70    1    N    I    1    0   No   No
                               1  Completed
                               2  No Household member/no competent member at home
                               3  Entire Household absent for extended period of time
                               4  Postponed
                               5  Refused
                               6  Dwelling vacant or address not a dwelling
                               7  Dwelling destroyed
                               8  Dwelling not found
                               9  Other
HV016                  Day of interview                                  71    2    N    I    1    0   No   No
                               1:31  
HV017                  Number of visits                                  73    1    N    I    1    0   No   No
                               1:8  
                           (m) 9    Missing
HV018                  Interviewer identification                        74    5    N    I    1    0   No   No
HV019                  NA - Keyer identification                         79    3    N    I    1    0   No   No
HV020                  Ever-married sample                               82    1    N    I    1    0   No   No
                               0  All woman sample
                               1  Ever married sample
HV021                  Primary sampling unit                             83    4    N    I    1    0   No   No
HV022                  Sample strata for sampling errors                 87    4    N    I    1    0   No   No
                               1   Kampala
                               2   South Buganda
                               3   North Buganda
                               4   Busoga
                               5   Bukedi
                               6   Bugisu
                               7   Teso
                               8   Karamoja
                               9   Lango
                               10  Acholi
                               11  West Nile
                               12  Bunyoro
                               13  Tooro
                               14  Ankole
                               15  Kigezi
                               16  Refugee settlements
HV023                  Stratification used in sample design              91    2    N    I    1    0   No   No
                               1   Kampala
                               2   South Buganda
                               3   North Buganda
                               4   Busoga
                               5   Bukedi
                               6   Bugisu
                               7   Teso
                               8   Karamoja
                               9   Lango
                               10  Acholi
                               11  West Nile
                               12  Bunyoro
                               13  Tooro
                               14  Ankole
                               15  Kigezi
                               16  Refugee settlements
HV024                  Region                                            93    2    N    I    1    0   No   No
                               1   Kampala
                               2   South Buganda
                               3   North Buganda
                               4   Busoga
                               5   Bukedi
                               6   Bugisu
                               7   Teso
                               8   Karamoja
                               9   Lango
                               10  Acholi
                               11  West Nile
                               12  Bunyoro
                               13  Tooro
                               14  Ankole
                               15  Kigezi
HV025                  Type of place of residence                        95    1    N    I    1    0   No   No
                               1  Urban
                               2  Rural
                               3  Refugee
HV026                  NA - Place of residence                           96    1    N    I    1    0   No   No
                               0  Capital, large city
                               1  Small city
                               2  Town
                               3  Countryside
                           (m) 9  Missing
HV027                  Household selected for male interview             97    1    N    I    1    0   No   No
                               0  Not selected
                               1  Men's survey
                               2  Husband's survey
HV028                  Household weight for male subsample (6 decimals   98    8    N    I    1    0   No   No
HV030                  Field supervisor                                 106    5    N    I    1    0   No   No
HV031                  NA - Field editor                                111    5    N    I    1    0   No   No
HV032                  NA - Office editor                               116    3    N    I    1    0   No   No
HV035                  Number of eligible children for height and weig  119    2    N    I    1    0   No   No
                               0:20  
HV040                  Cluster altitude in meters                       121    4    N    I    1    0   No   No
                           (m) 9999  Missing
HV041                  Total adults measured                            125    2    N    I    1    0   No   No
                               0:20  
HV042                  Household selected for hemoglobin                127    1    N    I    1    0   No   No
                               0  Not selected
                               1  Selected
HV045A                 Language of questionnaire                        128    3    N    I    1    0   No   No
                               1   English
                               2   Luganda
                               3   Luo
                               4   Lugbara
                               5   Ateso
                               6   Runyankole/Rukiga
                               7   Runyoro/Rutoro
                               96  Other
HV045B                 Language of interview                            131    3    N    I    1    0   No   No
                               1   English
                               2   Luganda
                               3   Luo
                               4   Lugbara
                               5   Ateso
                               6   Runyankole/Rukiga
                               7   Runyoro/Rutoro
                               96  Other
HV045C                 Native language of respondent                    134    3    N    I    1    0   No   No
                               1   English
                               2   Luganda
                               3   Luo
                               4   Lugbara
                               5   Ateso
                               6   Runyankole/Rukiga
                               7   Runyoro/Rutoro
                               96  Other
HV046                  Translator used                                  137    1    N    I    1    0   No   No
                               0  No
                               1  Yes
HV801                  Time interview started (hhmm - 24 hour clock)    138    4    N    I    1    0   No   No
                               500:2330  
                           (m) 9999      Missing
HV802                  Time interview ended (hhmm - 24 hour clock)      142    4    N    I    1    0   No   No
                               500:2359  
                           (m) 9999      Missing
HV803                  Length of interview in minutes                   146    2    N    I    1    0   No   No
                               0:94  
                               95    95+
                               96    2+ visits
                               97    Inconsistent
                           (m) 99    Missing
HV804                  Number of visits for biomarker                   148    1    N    I    1    0   No   No
                               1:8  
                           (m) 9    Missing
HV807D                 Day of biomarker visit                           149    2    N    I    1    0   No   No
                               1:31  
HV807M                 Month of biomarker visit                         151    2    N    I    1    0   No   No
                               1:12  
HV807Y                 Year of biomarker visit                          153    4    N    I    1    0   No   No
                               2015:2025  
HV807C                 Date of biomarker (CMC)                          157    4    N    I    1    0   No   No
HV807A                 Date of biomarker Century Day Code (CDC)         161    5    N    I    1    0   No   No
HV201                  Source of drinking water                         166    2    N    I    1    0   No   No
                               10  PIPED WATER
                               11  Piped into dwelling
                               12  Piped to yard/plot
                               13  Piped to neighbor
                               14  Public tap/standpipe
                               20  TUBE WELL WATER
                               21  Tube well or borehole
                               30  DUG WELL (OPEN/PROTECTED)
                               31  Protected well
                               32  Unprotected well
                               40  SURFACE FROM SPRING
                               41  Protected spring
                               42  Unprotected spring
                               43  River/dam/lake/ponds/stream/canal/irrigation channel
                               51  Rainwater
                               61  Tanker truck
                               63  Bicycle with jerrycans
                               71  Bottled water
                               72  Sachet water
                               96  Other
                           (m) 99  Missing
HV202                  Source of non-drinking water                     168    2    N    I    1    0   No   No
                               10  PIPED WATER
                               11  Piped into dwelling
                               12  Piped to yard/plot
                               13  Piped to neighbor
                               14  Public tap/standpipe
                               20  TUBE WELL WATER
                               21  Tube well or borehole
                               30  DUG WELL (OPEN/PROTECTED)
                               31  Protected well
                               32  Unprotected well
                               40  SURFACE FROM SPRING
                               41  Protected spring
                               42  Unprotected spring
                               43  River/dam/lake/ponds/stream/canal/irrigation channel
                               51  Rainwater
                               61  Tanker truck
                               62  Cart with small tank
                               63  Bicycle with jerrycans
                               71  Bottled water
                               96  Other
                           (m) 99  Missing
HV201A                 NA - Water not available for at least a day las  170    1    N    I    1    0   No   No
                               0  No, not interrupted for a full day
                               1  Yes, interrupted for a full day or more
                               8  Don't know
                           (m) 9  Missing
                          (na)    Not applicable
HV204                  Time to get to water source (minutes)            171    3    N    I    1    0   No   No
                               0:600  
                               996    On premises
                               998    Don't know
                           (m) 999    Missing
                          (na)        Not applicable
HV205                  Type of toilet facility                          174    2    N    I    1    0   No   No
                               10  FLUSH TOILET
                               11  Flush to piped sewer system
                               12  Flush to septic tank
                               13  Flush to pit latrine
                               14  Flush to somewhere else
                               15  Flush, don't know where
                               20  PIT TOILET LATRINE
                               21  Ventilated Improved Pit latrine (VIP)
                               22  Pit latrine with slab
                               23  Pit latrine without slab/open pit
                               30  NO FACILITY
                               31  No facility/bush/field
                               41  Composting toilet
                               42  Bucket toilet
                               43  Hanging toilet/latrine
                               96  Other
                           (m) 99  Missing
HV206                  Has electricity                                  176    1    N    I    1    0   No   No
                               0  No
                               1  Yes
                           (m) 9  Missing
HV207                  Has radio                                        177    1    N    I    1    0   No   No
                               0  No
                               1  Yes
                           (m) 9  Missing
HV208                  Has television                                   178    1    N    I    1    0   No   No
                               0  No
                               1  Yes
                           (m) 9  Missing
HV209                  Has refrigerator                                 179    1    N    I    1    0   No   No
                               0  No
                               1  Yes
                           (m) 9  Missing
HV210                  Has bicycle                                      180    1    N    I    1    0   No   No
                               0  No
                               1  Yes
                           (m) 9  Missing
HV211                  Has motorcycle/scooter                           181    1    N    I    1    0   No   No
                               0  No
                               1  Yes
                           (m) 9  Missing
HV212                  Has car/truck                                    182    1    N    I    1    0   No   No
                               0  No
                               1  Yes
                           (m) 9  Missing
HV213                  Main floor material                              183    2    N    I    1    0   No   No
                               10  NATURAL
                               11  Earth/sand
                               12  Dung
                               20  RUDIMENTARY
                               21  Wood planks
                               22  Palm/bamboo
                               30  FINISHED
                               31  Parquet or polished wood
                               32  Concrete
                               33  Ceramic tiles
                               34  Cement
                               35  Carpet
                               36  Stones
                               37  Bricks
                               96  Other
                           (m) 99  Missing
HV214                  Main wall material                               185    2    N    I    1    0   No   No
                               10  NATURAL
                               11  No walls
                               12  Thatched/straw
                               13  Dirt
                               20  RUDIMENTARY
                               21  Poles with mud
                               22  Stone with mud
                               23  Unburnt bricks with mud
                               24  Plywood
                               25  Cardboard
                               26  Reused wood
                               27  Unburnt bricks with plaster
                               28  Burnt bricks with mud
                               30  FINISHED
                               31  Cement
                               32  Stone with lime/cement
                               33  Burnt bricks with cement
                               34  Cement blocks
                               35  Unburnt bricks with cement
                               36  Wood planks/shingles
                               96  Other
                           (m) 99  Missing
HV215                  Main roof material                               187    2    N    I    1    0   No   No
                               10  NATURAL
                               11  No roof
                               12  Thatch/palm leaf
                               13  Mud
                               20  RUDIMENTARY
                               21  Rustic mat
                               22  Tins
                               23  Wood planks
                               24  Cardboard
                               25  Tarpaulin
                               30  FINISHED
                               31  Iron sheets
                               32  Wood
                               33  Asbestos
                               34  Tiles
                               35  Concrete
                               36  Roofing shingles
                               96  Other
                           (m) 99  Missing
HV216                  Number of rooms used for sleeping                189    2    N    I    1    0   No   No
                               0:24  
                           (m) 99    Missing
HV217                  Relationship structure                           191    1    N    I    1    0   No   No
                               0  No adults
                               1  One adult
                               2  Two adults, opposite sex
                               3  Two adults, same sex
                               4  Three+ related adults
                               5  Unrelated adults
HV218                  Line number of head of household                 192    2    N    I    1    0   No   No
                               1:90  
HV219                  Sex of head of household                         194    1    N    I    1    0   No   No
                               1  Male
                               2  Female
                           (m) 9  Missing
HV220                  Age of head of household                         195    2    N    I    1    0   No   No
                               0:96  
                               97    97+
                               98    Don't know
                           (m) 99    Missing
HV221                  Has telephone (land-line)                        197    1    N    I    1    0   No   No
                               0  No
                               1  Yes
                           (m) 9  Missing
HV225                  Share toilet with other households               198    1    N    I    1    0   No   No
                               0  No
                               1  Yes
                           (m) 9  Missing
HV226                  Type of cooking fuel                             199    2    N    I    1    0   No   No
                               1   Electricity
                               2   LPG/Cylinder gas
                               3   Natural gas
                               4   Biogas
                               5   Kerosene
                               6   Coal, lignite
                               7   Charcoal
                               8   Wood
                               9   Straw/shrubs/grass
                               10  Agricultural crop
                               11  Animal dung
                               95  No food cooked in house
                               96  Other
                           (m) 99  Missing
HV227                  Has mosquito bed net for sleeping                201    1    N    I    1    0   No   No
                               0  No
                               1  Yes
                           (m) 9  Missing
HV228                  Children under 5 slept under mosquito bed net l  202    1    N    I    1    0   No   No
                               0  No
                               1  All children
                               2  Some children
                               3  No net in household
                           (m) 9  Missing
                          (na)    Not applicable
HV235                  Location of source for water                     203    1    N    I    1    0   No   No
                               1  In own dwelling
                               2  In own yard/plot
                               3  Elsewhere
                           (m) 9  Missing
                          (na)    Not applicable
HV238                  Number of households sharing toilet              204    2    N    I    1    0   No   No
                               2:9  
                               95   10 or more households
                               98   Don't know
                           (m) 99   Missing
                          (na)      Not applicable
HV243A                 Has mobile telephone                             206    1    N    I    1    0   No   No
                               0  No
                               1  Yes
                           (m) 9  Missing
HV243B                 Has watch                                        207    1    N    I    1    0   No   No
                               0  No
                               1  Yes
                           (m) 9  Missing
HV243C                 Has animal-drawn cart                            208    1    N    I    1    0   No   No
                               0  No
                               1  Yes
                           (m) 9  Missing
HV243D                 Has boat with a motor                            209    1    N    I    1    0   No   No
                               0  No
                               1  Yes
                           (m) 9  Missing
HV243E                 Has a computer                                   210    1    N    I    1    0   No   No
                               0  No
                               1  Yes
                           (m) 9  Missing
HV244                  Owns land usable for agriculture                 211    1    N    I    1    0   No   No
                               0  No
                               1  Yes
                           (m) 9  Missing
HV245                  Hectares of agricultural land (1 decimal)        212    3    N    I    1    0   No   No
                               0:949  
                               950    95 or more
                               998    Unknown
                           (m) 999    Missing
                          (na)        Not applicable
HV246                  Owns livestock, herds or farm animals            215    1    N    I    1    0   No   No
                               0  No
                               1  Yes
                           (m) 9  Missing
HV246A                 NA - Owns cattle                                 216    2    N    I    1    0   No   No
                               0     None
                               1:94  
                               95    95 or more
                               98    Unknown
                           (m) 99    Missing
                          (na)       Not applicable
HV246B                 NA - Owns cows/ bulls                            218    2    N    I    1    0   No   No
                               0     None
                               1:94  
                               95    95 or more
                               98    Unknown
                           (m) 99    Missing
                          (na)       Not applicable
HV246C                 Owns horses/ donkeys/ mules                      220    2    N    I    1    0   No   No
                               0     None
                               1:94  
                               95    95 or more
                               98    Unknown
                           (m) 99    Missing
                          (na)       Not applicable
HV246D                 Owns goats                                       222    2    N    I    1    0   No   No
                               0     None
                               1:94  
                               95    95 or more
                               98    Unknown
                           (m) 99    Missing
                          (na)       Not applicable
HV246E                 Owns sheep                                       224    2    N    I    1    0   No   No
                               0     None
                               1:94  
                               95    95 or more
                               98    Unknown
                           (m) 99    Missing
                          (na)       Not applicable
HV246F                 Owns chickens/poultry                            226    2    N    I    1    0   No   No
                               0     None
                               1:94  
                               95    95 or more
                               98    Unknown
                           (m) 99    Missing
                          (na)       Not applicable
HV246G                 Owns exotic/cross-breed cattle                   228    2    N    I    1    0   No   No
                               0     None
                               1:94  
                               95    95 or more
                               98    Unknown
                           (m) 99    Missing
                          (na)       Not applicable
HV246H                 Owns local cattle                                230    2    N    I    1    0   No   No
                               0     None
                               1:94  
                               95    95 or more
                               98    Unknown
                           (m) 99    Missing
                          (na)       Not applicable
HV246I                 Owns pigs                                        232    2    N    I    1    0   No   No
                               0     None
                               1:94  
                               95    95 or more
                               98    Unknown
                           (m) 99    Missing
                          (na)       Not applicable
HV246J                 NA - Owns CS                                     234    2    N    I    1    0   No   No
                               0     None
                               1:94  
                               95    95 or more
                               98    Unknown
                           (m) 99    Missing
                          (na)       Not applicable
HV246K                 NA - Owns CS                                     236    2    N    I    1    0   No   No
                               0     None
                               1:94  
                               95    95 or more
                               98    Unknown
                           (m) 99    Missing
                          (na)       Not applicable
HV247                  Has bank account                                 238    1    N    I    1    0   No   No
                               0  No
                               1  Yes
                           (m) 9  Missing
HV253                  Has dwelling been sprayed against mosquitoes in  239    1    N    I    1    0   No   No
                               0  No
                               1  Yes
                               8  Don't know
                           (m) 9  Missing
                          (na)    Not applicable
HV253A                 Dwelling sprayed by: government worker/program   240    1    N    I    1    0   No   No
                               0  No
                               1  Yes
                               8  Don't know
                           (m) 9  Missing
                          (na)    Not applicable
HV253B                 Dwelling sprayed by: private company             241    1    N    I    1    0   No   No
                               0  No
                               1  Yes
                               8  Don't know
                           (m) 9  Missing
                          (na)    Not applicable
HV253C                 Dwelling sprayed by: NGO                         242    1    N    I    1    0   No   No
                               0  No
                               1  Yes
                               8  Don't know
                           (m) 9  Missing
                          (na)    Not applicable
HV253D                 NA - Dwelling sprayed by: CS                     243    1    N    I    1    0   No   No
                               0  No
                               1  Yes
                               8  Don't know
                           (m) 9  Missing
                          (na)    Not applicable
HV253E                 NA - Dwelling sprayed by: CS                     244    1    N    I    1    0   No   No
                               0  No
                               1  Yes
                               8  Don't know
                           (m) 9  Missing
                          (na)    Not applicable
HV253F                 NA - Dwelling sprayed by: CS                     245    1    N    I    1    0   No   No
                               0  No
                               1  Yes
                               8  Don't know
                           (m) 9  Missing
                          (na)    Not applicable
HV253G                 NA - Dwelling sprayed by: CS                     246    1    N    I    1    0   No   No
                               0  No
                               1  Yes
                               8  Don't know
                           (m) 9  Missing
                          (na)    Not applicable
HV253H                 NA - Dwelling sprayed by: CS                     247    1    N    I    1    0   No   No
                               0  No
                               1  Yes
                               8  Don't know
                           (m) 9  Missing
                          (na)    Not applicable
HV253X                 Dwelling sprayed by: other                       248    1    N    I    1    0   No   No
                               0  No
                               1  Yes
                               8  Don't know
                           (m) 9  Missing
                          (na)    Not applicable
HV253Z                 Dwelling sprayed by: don't know                  249    1    N    I    1    0   No   No
                               0  No
                               1  Yes: don't know who sprayed the dwelling
                               8  Don't know if it was sprayed
                           (m) 9  Missing
                          (na)    Not applicable
HV270                  Wealth index combined                            250    1    N    I    1    0   No   No
                               1  Poorest
                               2  Poorer
                               3  Middle
                               4  Richer
                               5  Richest
HV271                  Wealth index factor score combined (5 decimals)  251    8    N    I    1    0   No   No
HV270A                 Wealth index for urban/rural                     259    1    N    I    1    0   No   No
                               1  Poorest
                               2  Poorer
                               3  Middle
                               4  Richer
                               5  Richest
HV271A                 Wealth index factor score for urban/rural (5 de  260    8    N    I    1    0   No   No
HML1                   Number of mosquito bed nets                      268    2    N    I    1    0   No   No
                               0:97  
                               98    Don't know
                           (m) 99    Missing
                          (na)       Not applicable
HML1A                  Number of mosquito bed nets with specific infor  270    1    N    I    1    0   No   No
                               0:7  
                          (na)      Not applicable
HML2                   Number of children under mosquito bed net previ  271    2    N    I    1    0   No   No
                               0:50  
                           (m) 99    Missing
                          (na)       Not applicable
SHDISTRICT             District                                         273    3    N    I    1    0   No   No
                               101  Kalangala
                               102  Kampala
                               103  Kiboga
                               104  Luwero
                               105  Masaka
                               106  Mpigi
                               107  Mubende
                               108  Mukono
                               109  Nakasongola
                               110  Rakai
                               111  Ssembabule
                               112  Kayunga
                               113  Wakiso
                               115  Mityana
                               116  Nakaseke
                               117  Buikwe
                               120  Buvuma
                               121  Gomba
                               122  Kalungu
                               123  Kyankwanzi
                               124  Lwengo
                               125  Kyotera
                               126  Kassanda
                               201  Bugiri
                               202  Busia
                               203  Iganga
                               204  Jinja
                               205  Kamuli
                               206  Kapchorwa
                               207  Katakwi
                               208  Kumi
                               209  Mbale
                               210  Pallisa
                               211  Soroti
                               212  Tororo
                               213  Kaberamaido
                               214  Mayuge
                               215  Sironko
                               216  Amuria
                               217  Budaka
                               218  Bududa
                               219  Bukedea
                               220  Bukwo
                               221  Butaleja
                               222  Kaliro
                               223  Manafwa
                               224  Namutumba
                               225  Bulambuli
                               226  Buyende
                               227  Kibuku
                               228  Kween
                               229  Luuka
                               230  Namayingo
                               231  Ngora
                               232  Serere
                               233  Butebo
                               234  Namisindwa
                               235  Bugweri
                               236  Kapelebyong
                               301  Adjumani
                               302  Apac
                               303  Arua
                               304  Gulu
                               305  Kitgum
                               306  Kotido
                               307  Lira
                               308  Moroto
                               309  Moyo
                               310  Nebbi
                               311  Nakapiripirit
                               312  Pader
                               313  Yumbe
                               314  Abim
                               315  Amolatar
                               316  Amuru
                               317  Dokolo
                               318  Kaabong
                               319  Koboko
                               320  Maracha
                               321  Oyam
                               322  Agago
                               323  Alebtong
                               324  Amudat
                               325  Kole
                               326  Lamwo
                               327  Napak
                               328  Nwoya
                               329  Otuke
                               330  Zombo
                               331  Omoro
                               332  Pakwach
                               333  Kwania
                               334  Nabilatuk
                               401  Bundibugyo
                               402  Bushenyi
                               403  Hoima
                               404  Kabale
                               405  Kabarole
                               406  Kasese
                               407  Kibaale
                               408  Kisoro
                               409  Masindi
                               410  Mbarara
                               411  Ntungamo
                               412  Rukungiri
                               413  Kamwenge
                               414  Kanungu
                               415  Kyenjojo
                               416  Buliisa
                               417  Ibanda
                               418  Isingiro
                               419  Kiruhura
                               421  Kiryandongo
                               422  Kyegegwa
                               423  Mitooma
                               424  Ntoroko
                               426  Sheema
                               427  Kagadi
                               428  Kakumiro
                               429  Rubanda
                               430  Rukiga
                               431  Bunyangabu
                               432  Kikuube
SHREFUGEE              Refugee settlements                              276    1    N    I    1    0   No   No
                               0  Not in refugee settlement
                               1  Refugee settlement
SH114G                 Has cassette/CD/DVD player                       277    1    N    I    1    0   No   No
                               0  No
                               1  Yes
                           (m) 9  Missing
SH114H                 Has table                                        278    1    N    I    1    0   No   No
                               0  No
                               1  Yes
                           (m) 9  Missing
SH114I                 Has chair                                        279    1    N    I    1    0   No   No
                               0  No
                               1  Yes
                           (m) 9  Missing
SH114J                 Has sofa set                                     280    1    N    I    1    0   No   No
                               0  No
                               1  Yes
                           (m) 9  Missing
SH114K                 Has bed                                          281    1    N    I    1    0   No   No
                               0  No
                               1  Yes
                           (m) 9  Missing
SH114L                 Has cupboard                                     282    1    N    I    1    0   No   No
                               0  No
                               1  Yes
                           (m) 9  Missing
SH114M                 Has clock                                        283    1    N    I    1    0   No   No
                               0  No
                               1  Yes
                           (m) 9  Missing
SH115H                 Has boat without a motor                         284    1    N    I    1    0   No   No
                               0  No
                               1  Yes
                           (m) 9  Missing
SH117A                 Months ago dwelling was last sprayed             285    2    N    I    1    0   No   No
                               0     Less than 1 month ago
                               1:11  
SH117C                 Paid for dwelling to be sprayed                  287    1    N    I    1    0   No   No
                               0  No
                               1  Yes
                               8  Don't know
                           (m) 9  Missing
SH118                  CHW/CMD/VHT who distributes malaria medicine in  288    1    N    I    1    0   No   No
                               0  No
                               1  Yes
                               8  Don't know
                           (m) 9  Missing
SH118A                 CHW currently has malaria medicine available     289    1    N    I    1    0   No   No
                               0  No
                               1  Yes
                               8  Don't know
                           (m) 9  Missing
HVIDX                  Line number                                      290    2    N    I   36    0   No   No
                               1:90  
HV101                  Relationship to head                             362    2    N    I   36    0   No   No
                               1   Head
                               2   Wife or husband
                               3   Son/daughter
                               4   Son/daughter-in-law
                               5   Grandchild
                               6   Parent
                               7   Parent-in-law
                               8   Brother/sister
                               9   Co-spouse
                               10  Other relative
                               11  Adopted/foster/stepchild
                               12  Not related
                               13  Niece/nephew by blood
                               14  Niece/nephew by marriage
                               98  Don't know
                           (m) 99  Missing
HV102                  Usual resident                                   434    1    N    I   36    0   No   No
                               0  No
                               1  Yes
                           (m) 9  Missing
HV103                  Slept last night                                 470    1    N    I   36    0   No   No
                               0  No
                               1  Yes
                           (m) 9  Missing
HV104                  Sex of household member                          506    1    N    I   36    0   No   No
                               1  Male
                               2  Female
                           (m) 9  Missing
HV105                  Age of household members                         542    2    N    I   36    0   No   No
                               0:94  
                               95    95+
                               98    Don't know
                           (m) 99    Missing
HV117                  Eligibility for female interview                 614    1    N    I   36    0   No   No
                               0  Not eligible
                               1  Eligible
                          (na)    Not applicable
HV120                  Children eligibility for height/weight and hemo  650    1    N    I   36    0   No   No
                               0  Not eligible
                               1  Eligible
                          (na)    Not applicable
HC0                    Index to Household Schedule                      686    2    N    I    7    0   No   No
                               1:90  
HC1                    Child's age in months                            700    2    N    I    7    0   No   No
                               0:60  
HC1A                   Child's age in days                              714    5    N    I    7    0   No   No
                               0:2500  
HC16                   Day of birth                                     749    2    N    I    7    0   No   No
                               1:31  
                               97    Inconsistent
                               98    Don't know
                           (m) 99    Missing
HC17                   Date measured (day)                              763    2    N    I    7    0   No   No
                               1:31  
                          (na)       Not applicable
HC18                   Date measured (month)                            777    2    N    I    7    0   No   No
                               1:12  
                          (na)       Not applicable
HC19                   Date measured (year)                             791    4    N    I    7    0   No   No
                               2015:2025  
                          (na)            Not applicable
HC20                   Century Day Code (CDC) of measurement            819    5    N    I    7    0   No   No
HC21                   Fieldworker measurer code                        854    5    N    I    7    0   No   No
HC27                   Sex                                              889    1    N    I    7    0   No   No
                               1  Male
                               2  Female
                           (m) 9  Missing
HC30                   Month of birth                                   896    2    N    I    7    0   No   No
                               1:12  
                               97    Inconsistent
                               98    Don't know
                           (m) 99    Missing
                          (na)       Not applicable
HC31                   Year of birth                                    910    4    N    I    7    0   No   No
                               2011:2025  
                               9997       Inconsistent
                               9998       Don't know
                           (m) 9999       Missing
                          (na)            Not applicable
HC32                   Date of birth (CMC)                              938    4    N    I    7    0   No   No
HC32A                  Century Day Code (CDC) of birth                  966    5    N    I    7    0   No   No
HC33                   Completeness of HC32 information                1001    1    N    I    7    0   No   No
                               0  Month, year and day
                               1  Month and year - information complete
                               2  Month and age - year imputed
                               3  Year and age - month imputed
                               5  Year - age/month imputed
                               6  Age - year/month imputed
                               7  Month - age/year imputed
                               8  None - all imputed
                          (na)    Not applicable
HC51                   Line number of parent/caretaker                 1008    2    N    I    7    0   No   No
                               0     Not in household
                               1:50  
                           (m) 99    Missing
                          (na)       Not applicable
HC52                   Read consent statement - hemoglobin             1022    1    N    I    7    0   No   No
                               1  Granted
                               2  Refused
                               3  Not present/other
                           (m) 9  Missing
                          (na)    Not applicable
HC53                   Hemoglobin level (g/dl - 1 decimal)             1029    3    N    I    7    0   No   No
                               10:990  
                               994     Not present
                               995     Refused
                               996     Other
                           (m) 999     Missing
                          (na)         Not applicable
HC55                   Result of measurement - hemoglobin              1050    1    N    I    7    0   No   No
                               0  Measured
                               3  Not present/other
                               4  Refused
                               6  Other
                           (m) 9  Missing
                          (na)    Not applicable
HC56                   Hemoglobin level adjusted for altitude (g/dl -  1057    3    N    I    7    0   No   No
                               0:300  
                               997    Inconsistent
                           (m) 999    Missing
                          (na)        Not applicable
HC57                   Anemia level                                    1078    1    N    I    7    0   No   No
                               1  Severe
                               2  Moderate
                               3  Mild
                               4  Not anemic
                           (m) 9  Missing
                          (na)    Not applicable
HC58                   NA - Agrees to referral - anemia                1085    1    N    I    7    0   No   No
                               0  No
                               1  Yes
                           (m) 9  Missing
HC60                   Mother's line number (woman's questionnaire)    1092    3    N    I    7    0   No   No
                               1:50  
                               993   Mother not de facto
                               994   Incomplete woman's interview
                               995   Not in household
                           (m) 999   Missing
                          (na)       Not applicable
HC61                   Mother's highest educational level              1113    1    N    I    7    0   No   No
                               0  No education
                               1  Primary
                               2  Secondary
                               3  Higher
                               8  Don't know
                           (m) 9  Missing
HC62                   Mother's highest year of education              1120    2    N    I    7    0   No   No
                               0:7  
                               98   Don't know
                           (m) 99   Missing
                          (na)      Not applicable
HC63                   Preceding birth interval (months)               1134    3    N    I    7    0   No   No
                           (m) 999  Missing
                          (na)      Not applicable
HC64                   Birth order number                              1155    2    N    I    7    0   No   No
                               1:20  
                           (m) 99    Missing
HC68                   Mother's highest educational level (for prelimi 1169    1    N    I    7    0   No   No
                               0  No education
                               1  Primary
                               2  "O" level
                               3  "A" level
                               4  Tertiary
                               5  University
                               8  Don't know
                           (m) 9  Missing
                          (na)    Not applicable
HC70                   Height/Age standard deviation (new WHO)         1176    4    N    I    7    0   No   No
                               -600:600  
                               9996      Height out of plausible limits
                               9997      Age in days out of plausible limits
                               9998      Flagged cases
                           (m) 9999      Missing
                          (na)           Not applicable
HC71                   Weight/Age standard deviation (new WHO)         1204    4    N    I    7    0   No   No
                               -600:500  
                               9996      Height out of plausible limits
                               9997      Age in days out of plausible limits
                               9998      Flagged cases
                           (m) 9999      Missing
                          (na)           Not applicable
HC72                   Weight/Height standard deviation (new WHO)      1232    4    N    I    7    0   No   No
                               -600:500  
                               9996      Height out of plausible limits
                               9997      Age in days out of plausible limits
                               9998      Flagged cases
                           (m) 9999      Missing
                          (na)           Not applicable
HC73                   BMI standard deviation (new WHO)                1260    4    N    I    7    0   No   No
                               -600:500  
                               9996      Height out of plausible limits
                               9997      Age in days out of plausible limits
                               9998      Flagged cases
                           (m) 9999      Missing
                          (na)           Not applicable
SB118A                 Child has any symptoms: extreme weakness        1288    1    N    I    7    0   No   No
                               0  No
                               1  Yes
                          (na)    Not applicable
SB118B                 Child has any symptoms: heart problems          1295    1    N    I    7    0   No   No
                               0  No
                               1  Yes
                          (na)    Not applicable
SB118C                 Child has any symptoms: loss of consciousness   1302    1    N    I    7    0   No   No
                               0  No
                               1  Yes
                          (na)    Not applicable
SB118D                 Child has any symptoms: rapid or difficult brea 1309    1    N    I    7    0   No   No
                               0  No
                               1  Yes
                          (na)    Not applicable
SB118E                 Child has any symptoms: seizures                1316    1    N    I    7    0   No   No
                               0  No
                               1  Yes
                          (na)    Not applicable
SB118F                 Child has any symptoms: abnormal bleeding       1323    1    N    I    7    0   No   No
                               0  No
                               1  Yes
                          (na)    Not applicable
SB118G                 Child has any symptoms: jaundice or yellow skin 1330    1    N    I    7    0   No   No
                               0  No
                               1  Yes
                          (na)    Not applicable
SB118H                 Child has any symptoms: dark urine              1337    1    N    I    7    0   No   No
                               0  No
                               1  Yes
                          (na)    Not applicable
SB121                  Child has been given malaria medication in past 1344    1    N    I    7    0   No   No
                               0  No
                               1  Yes
                          (na)    Not applicable
SB125                  Malaria medication accepted                     1351    1    N    I    7    0   No   No
                               1  Accepted
                               5  Refused
                               6  Other
HMLIDX                 Mosquito Bed Net Designation Number             1358    2    N    I    7    0   No   No
HML3                   Net observed by interviewer                     1372    1    N    I    7    0   No   No
                               0  Not seen
                               1  Yes, seen
                           (m) 9  Missing
                          (na)    Not applicable
HML4                   Months ago net obtained                         1379    2    N    I    7    0   No   No
                               0:36  
                               96    More than 3 years ago
                               98    Don't know
                           (m) 99    Missing
                          (na)       Not applicable
HML5                   NA - Net treated with insecticide when bought   1393    1    N    I    7    0   No   No
                               0  No
                               1  Yes
                               8  Don't know
                           (m) 9  Missing
                          (na)    Not applicable
HML6                   NA - Net treatment status                       1400    1    N    I    7    0   No   No
                               0  Not pretreated
                               1  Pretreated, permanent treatment
                               2  Pretreated, requiring future treatment
                               3  Not pretreated, came with kit and treated at home
                               4  Pretreated, treatment type not known
                               6  Other
                               8  Don't know
                           (m) 9  Missing
                          (na)    Not applicable
HML7                   Brand of net                                    1407    2    N    I    7    0   No   No
                               10  Long-lasting insecticide treated nets (LLIN)
                               11  LLIN - Permanet 2.0
                               12  LLIN - Permanet 3.0
                               13  LLIN - Duranet
                               14  LLIN - Interceptor
                               15  LLIN - Netprotect
                               16  LLIN - Olyset
                               17  LLIN - Olyset plus
                               18  LLIN - Dawa plus
                               19  LLIN - Iconlife
                               20  LLIN - Yorkool
                               21  LLIN - Magnet
                               22  LLIN - Other
                               23  LLIN - Don't know brand
                               96  Other brand
                               98  Dont' know brand
                           (m) 99  Missing
                          (na)     Not applicable
HML8                   Net treated since received                      1421    1    N    I    7    0   No   No
                               0  No
                               1  Yes
                               2  Permanent/LLIN net
                               8  Not sure
                           (m) 9  Missing
                          (na)    Not applicable
HML9                   NA - Time since last re-treatment (months)      1428    2    N    I    7    0   No   No
                               0:36  
                               95    25+ months ago
                               96    More than 3 years ago
                               98    Don't know
                           (m) 99    Missing
                          (na)       Not applicable
HML10                  Insecticide-Treated Net (ITN)                   1442    1    N    I    7    0   No   No
                               0  No, don't know
                               1  Yes
                           (m) 9  Missing
                          (na)    Not applicable
HML11                  Number of persons who slept under this net      1449    1    N    I    7    0   No   No
                               0:4  
                               5    5+
                           (m) 9    Missing
                          (na)      Not applicable
HML21                  Someone slept under this net last night         1456    1    N    I    7    0   No   No
                               0  No
                               1  Yes
                               8  Not sure (DK)
                           (m) 9  Missing
                          (na)    Not applicable
HMLA                   Line number of person who slept in this net     1463    2    N    I    7    0   No   No
                               0     No one
                               1:50  
                           (m) 99    Missing
                          (na)       Not applicable
HMLB                   Line number of person who slept in this net     1477    2    N    I    7    0   No   No
                               1:50  
                           (m) 99    Missing
                          (na)       Not applicable
HMLC                   Line number of person who slept in this net     1491    2    N    I    7    0   No   No
                               1:50  
                           (m) 99    Missing
                          (na)       Not applicable
HMLD                   Line number of person who slept in this net     1505    2    N    I    7    0   No   No
                               1:50  
                          (na)       Not applicable
HMLE                   NA - Line number of person who slept in this ne 1519    2    N    I    7    0   No   No
                               1:50  
                          (na)       Not applicable
HML22                  Obtained net from campaign, antenatal or immuni 1533    1    N    I    7    0   No   No
                               0  No
                               1  Yes, campaign
                               2  Yes, antenatal care
                               3  Yes, immunization visit
                           (m) 9  Missing
                          (na)    Not applicable
HML23                  Place where net was obtained                    1540    2    N    I    7    0   No   No
                               10  Government health facility
                               11  Government hospital
                               12  Government health facility
                               20  Private health facility
                               21  Private hospital/clinic
                               30  Other sources
                               31  Pharmacy
                               32  Shop/market
                               33  CHW
                               34  Religious institution
                               36  Hawker
                               40  PNFP/NGO
                               41  PNFP/NGO hospital
                               42  PNFP/NGO health facility
                               96  Other
                               98  Don't know
                           (m) 99  Missing
                          (na)     Not applicable
SH128AA                Reason net was not used: too hot                1554    1    N    I    7    0   No   No
                               0  No
                               1  Yes
                           (m) 9  Missing
                          (na)    Not applicable
SH128AB                Reason net was not used: don't like smell       1561    1    N    I    7    0   No   No
                               0  No
                               1  Yes
                           (m) 9  Missing
                          (na)    Not applicable
SH128AC                Reason net was not used: no mosquitos           1568    1    N    I    7    0   No   No
                               0  No
                               1  Yes
                           (m) 9  Missing
                          (na)    Not applicable
SH128AD                Reason net was not used: net too old/many holes 1575    1    N    I    7    0   No   No
                               0  No
                               1  Yes
                           (m) 9  Missing
                          (na)    Not applicable
SH128AE                Reason net was not used: unable to hang         1582    1    N    I    7    0   No   No
                               0  No
                               1  Yes
                           (m) 9  Missing
                          (na)    Not applicable
SH128AF                Reason net was not used: no place to hang       1589    1    N    I    7    0   No   No
                               0  No
                               1  Yes
                           (m) 9  Missing
                          (na)    Not applicable
SH128AG                Reason net was not used: chemicals in net not s 1596    1    N    I    7    0   No   No
                               0  No
                               1  Yes
                           (m) 9  Missing
                          (na)    Not applicable
SH128AH                Reason net was not used: saving for rainy seaso 1603    1    N    I    7    0   No   No
                               0  No
                               1  Yes
                           (m) 9  Missing
                          (na)    Not applicable
SH128AI                Reason net was not used: saving to replace othe 1610    1    N    I    7    0   No   No
                               0  No
                               1  Yes
                           (m) 9  Missing
                          (na)    Not applicable
SH128AJ                Reason net was not used: material too hard/roug 1617    1    N    I    7    0   No   No
                               0  No
                               1  Yes
                           (m) 9  Missing
                          (na)    Not applicable
SH128AK                Reason net was not used: usual user didn't slee 1624    1    N    I    7    0   No   No
                               0  No
                               1  Yes
                           (m) 9  Missing
                          (na)    Not applicable
SH128AX                Reason net was not used: other reason           1631    1    N    I    7    0   No   No
                               0  No
                               1  Yes
                           (m) 9  Missing
                          (na)    Not applicable
SH128AZ                Reason net was not used: don't know             1638    1    N    I    7    0   No   No
                               0  No
                               1  Yes
                           (m) 9  Missing
                          (na)    Not applicable
HMHIDX                 Index to Household Schedule                     1645    2    N    I   36    0   No   No
                               1:90  
HML12                  Type of Mosquito Bed Net(s) person slept under  1717    1    N    I   36    0   No   No
                               0  Did not sleep under a net
                               1  Only treated (ITN) nets
                               2  Both treated (ITN) and untreated nets
                               3  Only untreated nets
                           (m) 9  Missing
                          (na)    Not applicable
HML13                  Net Designation Number (HMLIDX) for 1st net per 1753    1    N    I   36    0   No   No
                               0    Did not sleep under net
                               1:7  
                          (na)      Not applicable
HML14                  Net Designation Number (HMLIDX) for 2nd net per 1789    1    N    I   36    0   No   No
                               1:7  
                          (na)      Not applicable
HML15                  NA - Net Designation Number (HMLIDX) for 3rd ne 1825    1    N    I   36    0   No   No
                               1:7  
                          (na)      Not applicable
HML16                  Corrected age from Individual file              1861    2    N    I   36    0   No   No
                               0:96  
                               97    97+
                               98    Don't know
                           (m) 99    Missing
HML16A                 Age in months (for children)                    1933    2    N    I   36    0   No   No
HML17                  Flag for age from Individual file               2005    1    N    I   36    0   No   No
                               0  No data from Individual file
                               1  Month and year - information complete
                               2  Month and age - year imputed
                               3  Year and age - month imputed
                               4  Year and age - year ignored
                               5  Year - age/month imputed
                               6  Age - year/month imputed
                               7  Month - age/year imputed
                               8  None - all imputed
                          (na)    Not applicable
HML18                  Pregnancy status from Individual file           2041    1    N    I   36    0   No   No
                               0  Not pregnant, don't know
                               1  Pregnant
                           (m) 9  Missing
                          (na)    Not applicable
HML19                  Person slept under an ever-treated net          2077    1    N    I   36    0   No   No
                               0  No
                               1  Yes
HML20                  Person slept under an LLIN net                  2113    1    N    I   36    0   No   No
                               0  No
                               1  Yes
HML30                  Line number of parent/caretaker (for malaria te 2149    2    N    I   36    0   No   No
                               0     Not in household
                               1:50  
                          (na)       Not applicable
HML31                  Read consent statement for malaria              2221    1    N    I   36    0   No   No
                               1  Granted
                               2  Parent/other responsible refused
                               3  Respondent refused
                               4  Adult/parent not present
                               5  Minor not present
                           (m) 9  Missing
                          (na)    Not applicable
HML32                  Final result of malaria from blood smear test   2257    1    N    I   36    0   No   No
                               0  Negative
                               1  Positive
                               6  Test undetermined
                               7  Sample not found in lab database
                           (m) 9  Missing
                          (na)    Not applicable
HML32A                 Presence of species: falciparum (Pf)            2293    1    N    I   36    0   No   No
                               0  No
                               1  Yes
                           (m) 9  Missing
                          (na)    Not applicable
HML32B                 Presence of species: malariae (Pm)              2329    1    N    I   36    0   No   No
                               0  No
                               1  Yes
                           (m) 9  Missing
                          (na)    Not applicable
HML32C                 Presence of species: ovale (Po)                 2365    1    N    I   36    0   No   No
                               0  No
                               1  Yes
                           (m) 9  Missing
                          (na)    Not applicable
HML32D                 Presence of species: vivax (Pv)                 2401    1    N    I   36    0   No   No
                               0  No
                               1  Yes
                           (m) 9  Missing
                          (na)    Not applicable
HML32E                 NA - Presence of species: CS                    2437    1    N    I   36    0   No   No
                               0  No
                               1  Yes
                           (m) 9  Missing
                          (na)    Not applicable
HML32F                 NA - Presence of species: CS                    2473    1    N    I   36    0   No   No
                               0  No
                               1  Yes
                           (m) 9  Missing
                          (na)    Not applicable
HML32G                 NA - Presence of species: CS                    2509    1    N    I   36    0   No   No
                               0  No
                               1  Yes
                           (m) 9  Missing
                          (na)    Not applicable
HML33                  Result of malaria measurement                   2545    1    N    I   36    0   No   No
                               0  Measured
                               3  Not present
                               4  Refused
                               6  Other
                           (m) 9  Missing
                          (na)    Not applicable
HML34                  Bar code for blood smear sample                 2581    5   AN    I   36    0   No   No
                               99993  Sample damaged/insufficient/not found in lab
                               99994  Not present
                               99995  Refused
                               99996  Other
                               ?      Missing
HML35                  Result of malaria rapid test                    2761    1    N    I   36    0   No   No
                               0  Negative
                               1  Positive
                           (m) 9  Missing
                          (na)    Not applicable
HML36                  Fieldworker measurer code for malaria           2797    5    N    I   36    0   No   No
--------------------------------------------------------------------------------------------------------------
Relation Name         Primary               Linked by             Secondary             Linked by
--------------------------------------------------------------------------------------------------------------
